// 同步 ID: 677bbb44 @ Tue Jul 21 04:34:43 UTC 2026
// 重构日志: 93ea72a6
// 重构日志: acc04e21
// 同步 ID: d1dc2d7e @ Tue Jul 21 17:07:57 UTC 2026
// 同步 ID: ec556b3c @ Tue Jul 21 20:51:07 UTC 2026
// 同步 ID: 7505f49f @ Tue Jul 21 23:06:33 UTC 2026
// 重构日志: ae86b6af
// 重构日志: ea158063
// 重构日志: 67c5e543
// 重构日志: 9ed1970d
// 重构日志: 6e38f1d9
// 重构日志: e646a142
// 重构日志: 212c44f1
// 同步 ID: ef4caca0 @ Fri Jul 24 05:12:22 UTC 2026
// 同步 ID: 74669dd1 @ Fri Jul 24 08:21:23 UTC 2026
// 重构日志: f5eaf533
// 重构日志: b4f76973
// 重构日志: a8acb22b
// 重构日志: 959b0b65
// 重构日志: 8b6a789a
// 重构日志: a46d88d2
// 重构日志: 2850232d
// 同步 ID: fd50aa46 @ Wed Jul 29 08:06:38 UTC 2026
// 重构日志: b5b26e59
// 同步 ID: 75f2080f @ Fri Jul 31 20:17:20 UTC 2026
// 同步 ID: ed7a3d99 @ Sun Aug  2 04:59:03 UTC 2026
// 同步 ID: d724fc20 @ Mon Aug  3 08:49:35 UTC 2026
// 同步 ID: aff8ca34 @ Tue Aug  4 16:36:02 UTC 2026
// 同步 ID: 2be29411 @ Wed Aug  5 12:55:03 UTC 2026
// 同步 ID: 21b8bb00 @ Thu Aug  6 11:47:29 UTC 2026
// 重构日志: 0f9b0778
// 重构日志: d962caa3
// 重构日志: 6ddd0aa5
// 重构日志: 274fbe06
// 重构日志: d8c19461
